rmalr8t ArialMT "T1Encoding ReEncodeFont" <[tex256.enc <arial.ttf
rmalri8t Arial-ItalicMT "T1Encoding ReEncodeFont" <[tex256.enc <ariali.ttf
rmalb8t Arial-BoldMT "T1Encoding ReEncodeFont" <[tex256.enc <arialbd.ttf
rmalbi8t Arial-BoldItalicMT "T1Encoding ReEncodeFont" <[tex256.enc <arialbi.ttf
rmalc8t Arial-BoldMT "T1Encoding ReEncodeFont" <[tex256.enc <arialbd.ttf
rjo5r8t ComicSansMS "T1Encoding ReEncodeFont" <[tex256.enc <comic.ttf
rjo5b8t ComicSansMS-Bold "T1Encoding ReEncodeFont" <[tex256.enc <comicbd.ttf
rmcrr8t CourierNewPSMT "T1Encoding ReEncodeFont" <[tex256.enc <cour.ttf
rmcrb8t CourierNewPS-BoldMT "T1Encoding ReEncodeFont" <[tex256.enc <courbd.ttf
rifgr8t FranklinGothic-Medium "T1Encoding ReEncodeFont" <[tex256.enc <framd.ttf
rifgri8t FranklinGothic-MediumItalic "T1Encoding ReEncodeFont" <[tex256.enc <framdit.ttf
rjgir8t Georgia "T1Encoding ReEncodeFont" <[tex256.enc <georgia.ttf
rjgiri8t Georgia-Italic "T1Encoding ReEncodeFont" <[tex256.enc <georgiai.ttf
rjgib8t Georgia-Bold "T1Encoding ReEncodeFont" <[tex256.enc <georgiab.ttf
rjgibi8t Georgia-BoldItalic "T1Encoding ReEncodeFont" <[tex256.enc <georgiaz.ttf
rmicr8t Impact "T1Encoding ReEncodeFont" <[tex256.enc <impact.ttf
rjybr8t Sylfaen "T1Encoding ReEncodeFont" <[tex256.enc <sylfaen.ttf
rjthr8t Tahoma "T1Encoding ReEncodeFont" <[tex256.enc <tahoma.ttf
rjthb8t Tahoma-Bold "T1Encoding ReEncodeFont" <[tex256.enc <tahomabd.ttf
rmtmr8t TimesNewRomanPSMT "T1Encoding ReEncodeFont" <[tex256.enc <times.ttf
rmtmri8t TimesNewRomanPS-ItalicMT "T1Encoding ReEncodeFont" <[tex256.enc <timesi.ttf
rmtmb8t TimesNewRomanPS-BoldMT "T1Encoding ReEncodeFont" <[tex256.enc <timesbd.ttf
rmtmbi8t TimesNewRomanPS-BoldItalicMT "T1Encoding ReEncodeFont" <[tex256.enc <timesbi.ttf
rjtrr8t TrebuchetMS "T1Encoding ReEncodeFont" <[tex256.enc <trebuc.ttf
rjtrri8t TrebuchetMS-Italic "T1Encoding ReEncodeFont" <[tex256.enc <trebucit.ttf
rjtrb8t TrebuchetMS-Bold "T1Encoding ReEncodeFont" <[tex256.enc <trebucbd.ttf
rjtrbi8t Trebuchet-BoldItalic "T1Encoding ReEncodeFont" <[tex256.enc <trebucbi.ttf
rjvnr8t Verdana "T1Encoding ReEncodeFont" <[tex256.enc <verdana.ttf
rjvnri8t Verdana-Italic "T1Encoding ReEncodeFont" <[tex256.enc <verdanai.ttf
rjvnb8t Verdana-Bold "T1Encoding ReEncodeFont" <[tex256.enc <verdanab.ttf
rjvnbi8t Verdana-BoldItalic "T1Encoding ReEncodeFont" <[tex256.enc <verdanaz.ttf
rmalr8c ArialMT "ts1-winfonts ReEncodeFont" <[ts1-winfonts.enc <arial.ttf
rmalri8c Arial-ItalicMT "ts1-winfonts ReEncodeFont" <[ts1-winfonts.enc <ariali.ttf
rmalb8c Arial-BoldMT "ts1-winfonts ReEncodeFont" <[ts1-winfonts.enc <arialbd.ttf
rmalbi8c Arial-BoldItalicMT "ts1-winfonts ReEncodeFont" <[ts1-winfonts.enc <arialbi.ttf
rmalc8c Arial-BoldMT "ts1-winfonts ReEncodeFont" <[ts1-winfonts.enc <arialbd.ttf
rjo5r8c ComicSansMS "ts1-winfonts ReEncodeFont" <[ts1-winfonts.enc <comic.ttf
rjo5b8c ComicSansMS-Bold "ts1-winfonts ReEncodeFont" <[ts1-winfonts.enc <comicbd.ttf
rmcrr8c CourierNewPSMT "ts1-winfonts ReEncodeFont" <[ts1-winfonts.enc <cour.ttf
rmcrb8c CourierNewPS-BoldMT "ts1-winfonts ReEncodeFont" <[ts1-winfonts.enc <courbd.ttf
rifgr8c FranklinGothic-Medium "ts1-winfonts ReEncodeFont" <[ts1-winfonts.enc <framd.ttf
rifgri8c FranklinGothic-MediumItalic "ts1-winfonts ReEncodeFont" <[ts1-winfonts.enc <framdit.ttf
rjgir8c Georgia "ts1-winfonts ReEncodeFont" <[ts1-winfonts.enc <georgia.ttf
rjgiri8c Georgia-Italic "ts1-winfonts ReEncodeFont" <[ts1-winfonts.enc <georgiai.ttf
rjgib8c Georgia-Bold "ts1-winfonts ReEncodeFont" <[ts1-winfonts.enc <georgiab.ttf
rjgibi8c Georgia-BoldItalic "ts1-winfonts ReEncodeFont" <[ts1-winfonts.enc <georgiaz.ttf
rmicr8c Impact "ts1-winfonts ReEncodeFont" <[ts1-winfonts.enc <impact.ttf
rjybr8c Sylfaen "ts1-winfonts ReEncodeFont" <[ts1-winfonts.enc <sylfaen.ttf
rjthr8c Tahoma "ts1-winfonts ReEncodeFont" <[ts1-winfonts.enc <tahoma.ttf
rjthb8c Tahoma-Bold "ts1-winfonts ReEncodeFont" <[ts1-winfonts.enc <tahomabd.ttf
rmtmr8c TimesNewRomanPSMT "ts1-winfonts ReEncodeFont" <[ts1-winfonts.enc <times.ttf
rmtmri8c TimesNewRomanPS-ItalicMT "ts1-winfonts ReEncodeFont" <[ts1-winfonts.enc <timesi.ttf
rmtmb8c TimesNewRomanPS-BoldMT "ts1-winfonts ReEncodeFont" <[ts1-winfonts.enc <timesbd.ttf
rmtmbi8c TimesNewRomanPS-BoldItalicMT "ts1-winfonts ReEncodeFont" <[ts1-winfonts.enc <timesbi.ttf
rjtrr8c TrebuchetMS "ts1-winfonts ReEncodeFont" <[ts1-winfonts.enc <trebuc.ttf
rjtrri8c TrebuchetMS-Italic "ts1-winfonts ReEncodeFont" <[ts1-winfonts.enc <trebucit.ttf
rjtrb8c TrebuchetMS-Bold "ts1-winfonts ReEncodeFont" <[ts1-winfonts.enc <trebucbd.ttf
rjtrbi8c Trebuchet-BoldItalic "ts1-winfonts ReEncodeFont" <[ts1-winfonts.enc <trebucbi.ttf
rjvnr8c Verdana "ts1-winfonts ReEncodeFont" <[ts1-winfonts.enc <verdana.ttf
rjvnri8c Verdana-Italic "ts1-winfonts ReEncodeFont" <[ts1-winfonts.enc <verdanai.ttf
rjvnb8c Verdana-Bold "ts1-winfonts ReEncodeFont" <[ts1-winfonts.enc <verdanab.ttf
rjvnbi8c Verdana-BoldItalic "ts1-winfonts ReEncodeFont" <[ts1-winfonts.enc <verdanaz.ttf
rlplr8t PalatinoLinotype-Roman "T1Encoding-pala ReEncodeFont" <[tex256-pala.enc <pala.ttf
rlplri8t PalatinoLinotype-Italic "T1Encoding-pala ReEncodeFont" <[tex256-pala.enc <palai.ttf
rlplb8t PalatinoLinotype-Bold "T1Encoding-pala ReEncodeFont" <[tex256-pala.enc <palab.ttf
rlplbi8t PalatinoLinotype-BoldItalic "T1Encoding-pala ReEncodeFont" <[tex256-pala.enc <palabi.ttf
rlplrc8t PalatinoLinotype-Roman "T1Encodingcj-pala ReEncodeFont" <[tex256cj-pala.enc <pala.ttf
rlplric8t PalatinoLinotype-Italic "T1Encodingcj-pala ReEncodeFont" <[tex256cj-pala.enc <palai.ttf
rlplbc8t PalatinoLinotype-Bold "T1Encodingcj-pala ReEncodeFont" <[tex256cj-pala.enc <palab.ttf
rlplbic8t PalatinoLinotype-BoldItalic "T1Encodingcj-pala ReEncodeFont" <[tex256cj-pala.enc <palabi.ttf
rlplr8c PalatinoLinotype-Roman "ts1-winfonts-pala ReEncodeFont" <[ts1-winfonts-pala.enc <pala.ttf
rlplri8c PalatinoLinotype-Italic "ts1-winfonts-pala ReEncodeFont" <[ts1-winfonts-pala.enc <palai.ttf
rlplb8c PalatinoLinotype-Bold "ts1-winfonts-pala ReEncodeFont" <[ts1-winfonts-pala.enc <palab.ttf
rlplbi8c PalatinoLinotype-BoldItalic "ts1-winfonts-pala ReEncodeFont" <[ts1-winfonts-pala.enc <palabi.ttf
rwingding Wingdings-Regular "wingdingencoding ReEncodeFont" <[wingding.enc <wingding.ttf
rwebdings Webdings "webdingsencoding ReEncodeFont" <[webdings.enc <webdings.ttf
